[nox] 🔌 Hardhat node listening on 0.0.0.0:8545
[nox] 📦 NoxCompute deployed at 0x75C6AF4430cc474b1bb9b8540b7E46D6f8e1C685
[nox] 🚀 Starting Nox offchain stack...

Compiled 1 Solidity file with solc 0.8.35 (evm target: Check solc 0.8.35's doc for its default evm version)

Running Solidity tests


Running node:test tests

  VEIL — private payment streams
    ✔ wraps USDC into cUSDC with an encrypted balance (1314ms)
    ✔ creates a stream with encrypted deposit and derived rate (2873ms)
    ✔ lets the recipient withdraw the vested amount mid-stream (1105ms)
    ✔ pays out the full deposit after the stream ends and marks it depleted (565ms)
    ✔ cancel refunds the unstreamed remainder to the sender (2776ms)


5 passing (5 nodejs)

